------------------------------------------------------------
Timing Analyzer Summary
------------------------------------------------------------

Type  : Slow 1200mV 85C Model Setup 'clk'
Slack : -3.269
TNS   : -18.684

Type  : Slow 1200mV 85C Model Setup 'vclk'
Slack : -2.152
TNS   : -19.840

Type  : Slow 1200mV 85C Model Setup 'fi'
Slack : -1.632
TNS   : -3.010

Type  : Slow 1200mV 85C Model Hold 'fi'
Slack : 0.454
TNS   : 0.000

Type  : Slow 1200mV 85C Model Hold 'vclk'
Slack : 0.455
TNS   : 0.000

Type  : Slow 1200mV 85C Model Hold 'clk'
Slack : 0.456
TNS   : 0.000

Type  : Slow 1200mV 85C Model Minimum Pulse Width 'fi'
Slack : -3.000
TNS   : -8.948

Type  : Slow 1200mV 85C Model Minimum Pulse Width 'clk'
Slack : -1.487
TNS   : -17.844

Type  : Slow 1200mV 85C Model Minimum Pulse Width 'vclk'
Slack : -1.487
TNS   : -17.844

Type  : Slow 1200mV 0C Model Setup 'clk'
Slack : -3.036
TNS   : -16.123

Type  : Slow 1200mV 0C Model Setup 'vclk'
Slack : -1.923
TNS   : -17.102

Type  : Slow 1200mV 0C Model Setup 'fi'
Slack : -1.498
TNS   : -2.485

Type  : Slow 1200mV 0C Model Hold 'clk'
Slack : 0.404
TNS   : 0.000

Type  : Slow 1200mV 0C Model Hold 'fi'
Slack : 0.404
TNS   : 0.000

Type  : Slow 1200mV 0C Model Hold 'vclk'
Slack : 0.404
TNS   : 0.000

Type  : Slow 1200mV 0C Model Minimum Pulse Width 'fi'
Slack : -3.000
TNS   : -8.948

Type  : Slow 1200mV 0C Model Minimum Pulse Width 'clk'
Slack : -1.487
TNS   : -17.844

Type  : Slow 1200mV 0C Model Minimum Pulse Width 'vclk'
Slack : -1.487
TNS   : -17.844

Type  : Fast 1200mV 0C Model Setup 'clk'
Slack : -0.813
TNS   : -2.076

Type  : Fast 1200mV 0C Model Setup 'fi'
Slack : -0.448
TNS   : -0.448

Type  : Fast 1200mV 0C Model Setup 'vclk'
Slack : -0.314
TNS   : -1.966

Type  : Fast 1200mV 0C Model Hold 'vclk'
Slack : 0.187
TNS   : 0.000

Type  : Fast 1200mV 0C Model Hold 'clk'
Slack : 0.188
TNS   : 0.000

Type  : Fast 1200mV 0C Model Hold 'fi'
Slack : 0.188
TNS   : 0.000

Type  : Fast 1200mV 0C Model Minimum Pulse Width 'fi'
Slack : -3.000
TNS   : -8.216

Type  : Fast 1200mV 0C Model Minimum Pulse Width 'clk'
Slack : -1.000
TNS   : -12.000

Type  : Fast 1200mV 0C Model Minimum Pulse Width 'vclk'
Slack : -1.000
TNS   : -12.000

------------------------------------------------------------
