------------------------------------------------------------
Timing Analyzer Summary
------------------------------------------------------------

Type  : Slow 1200mV 85C Model Setup 'clk'
Slack : -3.170
TNS   : -18.192

Type  : Slow 1200mV 85C Model Setup 'vclk'
Slack : -2.117
TNS   : -19.616

Type  : Slow 1200mV 85C Model Setup 'fi'
Slack : -1.667
TNS   : -2.709

Type  : Slow 1200mV 85C Model Hold 'clk'
Slack : 0.455
TNS   : 0.000

Type  : Slow 1200mV 85C Model Hold 'fi'
Slack : 0.455
TNS   : 0.000

Type  : Slow 1200mV 85C Model Hold 'vclk'
Slack : 0.455
TNS   : 0.000

Type  : Slow 1200mV 85C Model Minimum Pulse Width 'fi'
Slack : -3.000
TNS   : -8.948

Type  : Slow 1200mV 85C Model Minimum Pulse Width 'clk'
Slack : -1.487
TNS   : -17.844

Type  : Slow 1200mV 85C Model Minimum Pulse Width 'vclk'
Slack : -1.487
TNS   : -17.844

Type  : Slow 1200mV 0C Model Setup 'clk'
Slack : -2.928
TNS   : -15.610

Type  : Slow 1200mV 0C Model Setup 'vclk'
Slack : -1.863
TNS   : -17.065

Type  : Slow 1200mV 0C Model Setup 'fi'
Slack : -1.513
TNS   : -2.153

Type  : Slow 1200mV 0C Model Hold 'clk'
Slack : 0.403
TNS   : 0.000

Type  : Slow 1200mV 0C Model Hold 'fi'
Slack : 0.403
TNS   : 0.000

Type  : Slow 1200mV 0C Model Hold 'vclk'
Slack : 0.403
TNS   : 0.000

Type  : Slow 1200mV 0C Model Minimum Pulse Width 'fi'
Slack : -3.000
TNS   : -8.948

Type  : Slow 1200mV 0C Model Minimum Pulse Width 'clk'
Slack : -1.487
TNS   : -17.844

Type  : Slow 1200mV 0C Model Minimum Pulse Width 'vclk'
Slack : -1.487
TNS   : -17.844

Type  : Fast 1200mV 0C Model Setup 'clk'
Slack : -0.767
TNS   : -1.727

Type  : Fast 1200mV 0C Model Setup 'fi'
Slack : -0.509
TNS   : -0.509

Type  : Fast 1200mV 0C Model Setup 'vclk'
Slack : -0.364
TNS   : -2.151

Type  : Fast 1200mV 0C Model Hold 'clk'
Slack : 0.187
TNS   : 0.000

Type  : Fast 1200mV 0C Model Hold 'vclk'
Slack : 0.187
TNS   : 0.000

Type  : Fast 1200mV 0C Model Hold 'fi'
Slack : 0.188
TNS   : 0.000

Type  : Fast 1200mV 0C Model Minimum Pulse Width 'fi'
Slack : -3.000
TNS   : -8.216

Type  : Fast 1200mV 0C Model Minimum Pulse Width 'clk'
Slack : -1.000
TNS   : -12.000

Type  : Fast 1200mV 0C Model Minimum Pulse Width 'vclk'
Slack : -1.000
TNS   : -12.000

------------------------------------------------------------
